// Jest Snapshot v1, https://goo.gl/fbAQLP

exports[`renders correctly 1`] = `
<div>
  <div
    className="relative w-full"
  >
    <div
      className="fixed left-0 right-0 bottom-0 z-10 h-4/5 overflow-y-scroll rounded-t-xl border border-black bg-white text-2xl shadow-lg scrollbar-thin scrollbar-thumb-secondary-300 sm:relative sm:h-56 sm:w-full sm:rounded sm:border-none sm:text-base"
    >
      <div
        className="m-4 flex flex-col"
      >
        <h1
          className="text-center font-bold sm:hidden"
        >
          eventsPage.categoryCheckboxes.chooseCategory
        </h1>
        <form />
        <div
          className="fixed left-1/4 bottom-3 sm:static sm:bottom-0 sm:mx-auto"
        >
          <form>
            <input
              className="mt-2 w-48 rounded-md border-2 bg-secondary-300 text-white"
              placeholder="Your input here"
              type="button"
              value="eventsPage.categoryCheckboxes.applyFilters"
            />
            <label />
          </form>
        </div>
        <div
          className="my-5 sm:hidden"
        />
      </div>
    </div>
  </div>
</div>
`;
