// Jest Snapshot v1, https://goo.gl/fbAQLP

exports[`renders correctly 1`] = `
<div
  className="m-4 md:m-12"
>
  <div
    className="flex flex-wrap items-center justify-center overflow-hidden lg:ml-8 lg:flex-row lg:flex-wrap lg:items-start lg:justify-start"
  >
    <div
      className="m-1 md:m-2 lg:m-3"
    >
      <button
        className="mt-1 mb-1 w-auto h-7 md:h-12 lg:h-12 text-[9px] md:text-xl lg:text-lg bg-white border lg:border-2 undefined hover:undefined text-white font-medium  py-1  px-2 undefined hover:undefined rounded  hover:shadow-lg text-black undefined"
        onClick={[Function]}
        type="button"
      >
        editProfilePage.noPoverty
      </button>
    </div>
    <div
      className="m-1 md:m-2 lg:m-3"
    >
      <button
        className="mt-1 mb-1 w-auto h-7 md:h-12 lg:h-12 text-[9px] md:text-xl lg:text-lg bg-white border lg:border-2 undefined hover:undefined text-white font-medium  py-1  px-2 undefined hover:undefined rounded  hover:shadow-lg text-black undefined"
        onClick={[Function]}
        type="button"
      >
        editProfilePage.zeroHunger
      </button>
    </div>
    <div
      className="m-1 md:m-2 lg:m-3"
    >
      <button
        className="mt-1 mb-1 w-auto h-7 md:h-12 lg:h-12 text-[9px] md:text-xl lg:text-lg bg-white border lg:border-2 undefined hover:undefined text-white font-medium  py-1  px-2 undefined hover:undefined rounded  hover:shadow-lg text-black undefined"
        onClick={[Function]}
        type="button"
      >
        editProfilePage.goodHealthAndWellbeing
      </button>
    </div>
    <div
      className="m-1 md:m-2 lg:m-3"
    >
      <button
        className="mt-1 mb-1 w-auto h-7 md:h-12 lg:h-12 text-[9px] md:text-xl lg:text-lg bg-white border lg:border-2 undefined hover:undefined text-white font-medium  py-1  px-2 undefined hover:undefined rounded  hover:shadow-lg text-black undefined"
        onClick={[Function]}
        type="button"
      >
        editProfilePage.qualityEducation
      </button>
    </div>
    <div
      className="m-1 md:m-2 lg:m-3"
    >
      <button
        className="mt-1 mb-1 w-auto h-7 md:h-12 lg:h-12 text-[9px] md:text-xl lg:text-lg bg-white border lg:border-2 undefined hover:undefined text-white font-medium  py-1  px-2 undefined hover:undefined rounded  hover:shadow-lg text-black undefined"
        onClick={[Function]}
        type="button"
      >
        editProfilePage.genderEquality
      </button>
    </div>
    <div
      className="m-1 md:m-2 lg:m-3"
    >
      <button
        className="mt-1 mb-1 w-auto h-7 md:h-12 lg:h-12 text-[9px] md:text-xl lg:text-lg bg-white border lg:border-2 undefined hover:undefined text-white font-medium  py-1  px-2 undefined hover:undefined rounded  hover:shadow-lg text-black undefined"
        onClick={[Function]}
        type="button"
      >
        editProfilePage.cleanWaterAndSanitation
      </button>
    </div>
    <div
      className="m-1 md:m-2 lg:m-3"
    >
      <button
        className="mt-1 mb-1 w-auto h-7 md:h-12 lg:h-12 text-[9px] md:text-xl lg:text-lg bg-white border lg:border-2 undefined hover:undefined text-white font-medium  py-1  px-2 undefined hover:undefined rounded  hover:shadow-lg text-black undefined"
        onClick={[Function]}
        type="button"
      >
        editProfilePage.affordableAndCleanEnergy
      </button>
    </div>
    <div
      className="m-1 md:m-2 lg:m-3"
    >
      <button
        className="mt-1 mb-1 w-auto h-7 md:h-12 lg:h-12 text-[9px] md:text-xl lg:text-lg bg-white border lg:border-2 undefined hover:undefined text-white font-medium  py-1  px-2 undefined hover:undefined rounded  hover:shadow-lg text-black undefined"
        onClick={[Function]}
        type="button"
      >
        editProfilePage.decentWorkAndEconomicGrowth
      </button>
    </div>
    <div
      className="m-1 md:m-2 lg:m-3"
    >
      <button
        className="mt-1 mb-1 w-auto h-7 md:h-12 lg:h-12 text-[9px] md:text-xl lg:text-lg bg-white border lg:border-2 undefined hover:undefined text-white font-medium  py-1  px-2 undefined hover:undefined rounded  hover:shadow-lg text-black undefined"
        onClick={[Function]}
        type="button"
      >
        editProfilePage.industryInnovationAndInfrastructure
      </button>
    </div>
    <div
      className="m-1 md:m-2 lg:m-3"
    >
      <button
        className="mt-1 mb-1 w-auto h-7 md:h-12 lg:h-12 text-[9px] md:text-xl lg:text-lg bg-white border lg:border-2 undefined hover:undefined text-white font-medium  py-1  px-2 undefined hover:undefined rounded  hover:shadow-lg text-black undefined"
        onClick={[Function]}
        type="button"
      >
        editProfilePage.reducedInequalities
      </button>
    </div>
    <div
      className="m-1 md:m-2 lg:m-3"
    >
      <button
        className="mt-1 mb-1 w-auto h-7 md:h-12 lg:h-12 text-[9px] md:text-xl lg:text-lg bg-white border lg:border-2 undefined hover:undefined text-white font-medium  py-1  px-2 undefined hover:undefined rounded  hover:shadow-lg text-black undefined"
        onClick={[Function]}
        type="button"
      >
        editProfilePage.sustainableCitiesAndCommunities
      </button>
    </div>
    <div
      className="m-1 md:m-2 lg:m-3"
    >
      <button
        className="mt-1 mb-1 w-auto h-7 md:h-12 lg:h-12 text-[9px] md:text-xl lg:text-lg bg-white border lg:border-2 undefined hover:undefined text-white font-medium  py-1  px-2 undefined hover:undefined rounded  hover:shadow-lg text-black undefined"
        onClick={[Function]}
        type="button"
      >
        editProfilePage.responsibleConsumptionAndProduction
      </button>
    </div>
    <div
      className="m-1 md:m-2 lg:m-3"
    >
      <button
        className="mt-1 mb-1 w-auto h-7 md:h-12 lg:h-12 text-[9px] md:text-xl lg:text-lg bg-white border lg:border-2 undefined hover:undefined text-white font-medium  py-1  px-2 undefined hover:undefined rounded  hover:shadow-lg text-black undefined"
        onClick={[Function]}
        type="button"
      >
        editProfilePage.climateAction
      </button>
    </div>
    <div
      className="m-1 md:m-2 lg:m-3"
    >
      <button
        className="mt-1 mb-1 w-auto h-7 md:h-12 lg:h-12 text-[9px] md:text-xl lg:text-lg bg-white border lg:border-2 undefined hover:undefined text-white font-medium  py-1  px-2 undefined hover:undefined rounded  hover:shadow-lg text-black undefined"
        onClick={[Function]}
        type="button"
      >
        editProfilePage.lifeBelowWater
      </button>
    </div>
    <div
      className="m-1 md:m-2 lg:m-3"
    >
      <button
        className="mt-1 mb-1 w-auto h-7 md:h-12 lg:h-12 text-[9px] md:text-xl lg:text-lg bg-white border lg:border-2 undefined hover:undefined text-white font-medium  py-1  px-2 undefined hover:undefined rounded  hover:shadow-lg text-black undefined"
        onClick={[Function]}
        type="button"
      >
        editProfilePage.lifeOnLand
      </button>
    </div>
    <div
      className="m-1 md:m-2 lg:m-3"
    >
      <button
        className="mt-1 mb-1 w-auto h-7 md:h-12 lg:h-12 text-[9px] md:text-xl lg:text-lg bg-white border lg:border-2 undefined hover:undefined text-white font-medium  py-1  px-2 undefined hover:undefined rounded  hover:shadow-lg text-black undefined"
        onClick={[Function]}
        type="button"
      >
        editProfilePage.peaceJusticeAndStrongInstitutions
      </button>
    </div>
    <div
      className="m-1 md:m-2 lg:m-3"
    >
      <button
        className="mt-1 mb-1 w-auto h-7 md:h-12 lg:h-12 text-[9px] md:text-xl lg:text-lg bg-white border lg:border-2 undefined hover:undefined text-white font-medium  py-1  px-2 undefined hover:undefined rounded  hover:shadow-lg text-black undefined"
        onClick={[Function]}
        type="button"
      >
        editProfilePage.partnershipForTheGoals
      </button>
    </div>
  </div>
</div>
`;
