// Jest Snapshot v1, https://goo.gl/fbAQLP

exports[`renders correctly 1`] = `
<div
  className="heroSection / flex lg:flex-row lg:justify-center mx-4 lg:mx-32 lg:w-auto lg:static // md:relative md:w-full flex-col items-center"
>
  <div
    className="tabletImageOverlay / z-10 hidden lg:hidden md:block absolute w-[638px] h-[638px] rounded-lg bg-gradient-to-t from-orange-300 via-orange-50 opacity-80"
  />
  <div
    className="titleTextButton / z-20 flex flex-col -bottom-96 h-auto lg:w-1/2 lg:items-start lg:static // md:h-full md:absolute items-center"
  >
    <div
      className="titleText flex flex-col items-center lg:items-start //"
    >
      <h1
        className="mb-4 lg:w-4/5 text-3xl lg:text-3xl xl:text-4xl font-bold lg:font-bold text-black lg:text-black text-center lg:text-left // md:text-black md:text-4xl md:font-extrabold md:w-auto md:text-center"
      >
        Medium title placeholder text
      </h1>
      <p
        className="lg:w-4/5 text-gray-500 lg:text-gray-500 lg:text-lg xl:text-xl lg:text-left // md:text-black md:text-xl md:w-3/5 text-center"
      >
        Body placeholder for text paragraph. A paragraph is a self-contained unit of text dealing with a particular point or idea. 
      </p>
    </div>
    <button
      className="mt-6 py-2 w-28 lg:w-32 xl:w-40 rounded-lg bg-cyan-600 text-white lg:text-lg xl:text-xl font-semibold"
    >
      Get started
    </button>
  </div>
  <div
    className="lg:w-1/2 xl:w-auto mt-6 md:mt-auto"
  >
    <span
      style={
        Object {
          "background": "none",
          "border": 0,
          "boxSizing": "border-box",
          "display": "inline-block",
          "height": "initial",
          "margin": 0,
          "maxWidth": "100%",
          "opacity": 1,
          "overflow": "hidden",
          "padding": 0,
          "position": "relative",
          "width": "initial",
        }
      }
    >
      <span
        style={
          Object {
            "background": "none",
            "border": 0,
            "boxSizing": "border-box",
            "display": "block",
            "height": "initial",
            "margin": 0,
            "maxWidth": "100%",
            "opacity": 1,
            "padding": 0,
            "width": "initial",
          }
        }
      >
        <img
          alt=""
          aria-hidden={true}
          src="data:image/svg+xml,%3csvg%20xmlns=%27http://www.w3.org/2000/svg%27%20version=%271.1%27%20width=%27638%27%20height=%27638%27/%3e"
          style={
            Object {
              "background": "none",
              "border": 0,
              "display": "block",
              "height": "initial",
              "margin": 0,
              "maxWidth": "100%",
              "opacity": 1,
              "padding": 0,
              "width": "initial",
            }
          }
        />
      </span>
      <img
        alt="hero image"
        className="z-0"
        data-nimg="intrinsic"
        decoding="async"
        onError={[Function]}
        onLoad={[Function]}
        src="data:image/gif;base64,R0lGODlhAQABAIAAAAAAAP///yH5BAEAAAAALAAAAAABAAEAAAIBRAA7"
        style={
          Object {
            "border": "none",
            "bottom": 0,
            "boxSizing": "border-box",
            "display": "block",
            "height": 0,
            "left": 0,
            "margin": "auto",
            "maxHeight": "100%",
            "maxWidth": "100%",
            "minHeight": "100%",
            "minWidth": "100%",
            "objectFit": undefined,
            "objectPosition": undefined,
            "padding": 0,
            "position": "absolute",
            "right": 0,
            "top": 0,
            "width": 0,
          }
        }
      />
      <noscript>
        <img
          alt="hero image"
          className="z-0"
          data-nimg="intrinsic"
          decoding="async"
          loading="lazy"
          src="/_next/image?url=%2Fimages%2Fhero-image.png&w=1920&q=75"
          srcSet="/_next/image?url=%2Fimages%2Fhero-image.png&w=640&q=75 1x, /_next/image?url=%2Fimages%2Fhero-image.png&w=1920&q=75 2x"
          style={
            Object {
              "border": "none",
              "bottom": 0,
              "boxSizing": "border-box",
              "display": "block",
              "height": 0,
              "left": 0,
              "margin": "auto",
              "maxHeight": "100%",
              "maxWidth": "100%",
              "minHeight": "100%",
              "minWidth": "100%",
              "objectFit": undefined,
              "objectPosition": undefined,
              "padding": 0,
              "position": "absolute",
              "right": 0,
              "top": 0,
              "width": 0,
            }
          }
        />
      </noscript>
    </span>
  </div>
</div>
`;
