// Jest Snapshot v1, https://goo.gl/fbAQLP

exports[`renders correctly 1`] = `
<div
  className="m-8 flex justify-center"
>
  <div
    className="align-center h-[200px] w-[400px] justify-center overflow-hidden rounded-lg bg-[#a4e7f4] md:h-[300px] md:w-[600px] lg:h-[450px] lg:w-[900px]"
  >
    <div
      className="m-8 lg:m-24 lg:justify-center"
    >
      <div
        className="text-md mb-6 flex font-medium md:mb-8 md:mt-14 md:text-2xl lg:mt-16 lg:mb-12 lg:text-3xl"
      >
        <h2>
          editProfilePage.changePasswordHeader
        </h2>
      </div>
      <div
        className="justify-center overflow-hidden lg:flex-row lg:flex-wrap lg:items-start lg:justify-start"
      >
        <form>
          <div
            className="flex flex-row justify-center md:justify-between lg:justify-between lg:justify-items-center"
          >
            <div
              className="w-30 mr-4 h-8 md:h-12 md:w-64 lg:w-80"
            >
              <input
                className="h-full w-full rounded-md border-2 border-black p-2"
                id="passwordInput"
                onChange={[Function]}
                placeholder="editProfilePage.passwordPH"
                type="password"
              />
              <label />
            </div>
            <div
              className="w-30 h-8 md:h-12 md:w-64 lg:w-80"
            >
              <input
                className="h-full w-full rounded-md border-2 border-black p-2"
                id="passwordInput2"
                onChange={[Function]}
                placeholder="editProfilePage.retypePH"
                type="password"
              />
              <label />
            </div>
          </div>
          <div
            className="mt-6 flex flex-row justify-end md:mt-8 lg:mt-12"
          >
            <div
              className="mr-2 justify-end md:mr-4 lg:mr-6"
            >
              <button
                className="mt-1 mb-1 w-20 md:w-32 lg:w-36 h-8 md:h-12 lg:h-12 text-[11px] md:text-xl lg:text-xl bg-primary-200  undefined hover:undefined text-white font-medium  py-1  px-2  hover:undefined rounded  hover:shadow-lg undefined"
                onClick={[Function]}
                type="button"
              >
                editProfilePage.submitBtn
              </button>
            </div>
            <div
              className=""
            >
              <button
                className="mt-1 mb-1 w-20 md:w-32 lg:w-36 h-8 md:h-12 lg:h-12 text-[11px] md:text-xl lg:text-xl bg-white border border-b-2 border-r-2 undefined hover:undefined text-black font-medium  py-1  px-2 border-black hover:undefined rounded  hover:shadow-lg undefined"
                onClick={[Function]}
                type="button"
              >
                editProfilePage.cancelBtn
              </button>
            </div>
          </div>
        </form>
      </div>
    </div>
  </div>
</div>
`;
